
> giza-nexus-registration-workbench@0.11.0 check
> tsc --noEmit && npm run check:legacy && npm run test:repairs && npm run test:components && npm run test:usability && npm run test:sphinx && npm run test:epigraphy && npm run test:evidence-assembly && npm run test:runtime && npm run validate:evidence-assembly && npm run build:workbench


> giza-nexus-registration-workbench@0.11.0 check:legacy
> node scripts/validate-model.mjs && node scripts/validate-evidence.mjs && node scripts/validate-solvers.mjs && node scripts/validate-canon.mjs && node scripts/field/validate-field.mjs && node scripts/validate-ui-layout.mjs && node scripts/validate-visual-contract.mjs && node scripts/validate-frame.mjs && node scripts/simlab/validate-simlab.mjs && node scripts/simlab/validate-echo.mjs && node scripts/simlab/validate-strata.mjs && node scripts/observatory/validate-observatory.mjs && node scripts/observatory/validate-register.mjs && node scripts/media/validate-atlas-ingest.mjs && node scripts/registration/benchmark.mjs && node scripts/registration/validate-registration.mjs && node scripts/controlnet/benchmark.mjs && node scripts/controlnet/validate.mjs && node scripts/corpus/validate-corpus.mjs && node scripts/source_parser/validate.mjs && node scripts/action_graph/validate.mjs && node scripts/plan_parser/validate.mjs && node scripts/room_graph/validate.mjs && node scripts/plan_concordance/validate.mjs && node scripts/visibility_lab/validate.mjs && node scripts/source_bytes/validate.mjs && node scripts/metric_view/validate.mjs && node scripts/plate_registration/validate.mjs && node scripts/residual_field/validate.mjs && node scripts/intent/validate-intent.mjs && node scripts/maps/validate-maps.mjs && node scripts/vault/validate-vault.mjs && node scripts/validate-findings.mjs && node scripts/validate-continuity.mjs && node scripts/syntax-check.cjs

GIZA v0.10.7 model validation
parts=56 assemblies=9 measurements=127 media=13 stoneCells=10152
PASS
GIZA v0.10.7 evidence validation sources=73 items=12 maturityLevels=6 queue=4 quarantinedAssets=0
PASS
GIZA v0.10.7 solver validation solvers=7
PASS
GIZA v0.10.7 CANON validation
sources=73 parts=56 rights=73 conflicts=7
futureMeasurements=13 materialProperties=9 unverifiedParts=31
PASS
GIZA // FIELD validation
parts=56 sources=73 photoNodes=6 photoEdges=5
uncertaintyTargets=4 promotionTargets=6 acquisitionTargets=5
photoClusters=3 mappedCandidates=0 terrainImports=0
terrainActive=NONE unverifiedParts=31
PASS
GIZA v0.10.7 UI layout validation
inspector=docked tabs=4x2 hero=conditional solverSwitch=3 findings=fixed-shell responsiveGuard=1020px
PASS
GIZA v0.10.7 visual contract
baseline=1672x941 shell=MODEL_FIRST_APPROVED brand=GIZA_NEXUS nav=3 inspector=DOCKED_4x2
PASS
GIZA v0.10.7 // FRAME architecture validation
App.tsx=14061 bytes GizaScene.tsx=4607 bytes modules=12
PASS
GIZA // SIMLAB validation
gravity map points=961 elements=1672 peak=283.423 microGal
controls shafts=251.958 terminals=31.746 microGal
knownInteriorScreen=33.573 microGal sensitivityScenarios=27
benchmark=PASS runs=6 null=no_void_density_contrast
PASS
GIZA // ECHO validation
components=12 pressurePoints=385
burialFundamental=12.123 Hz lower=16.426 Hz
clusters=7 independentNullMean=3.825 constrainedNullMean=4.850
benchmark=PASS designClaim=NOT_ESTABLISHED
PASS
STRATA stress648=16.522 MPa water648=6.355 MPa points=106
PASS
OBSERVATORY observations=129 publications=25 media=16 cross_domain=16 acquisition=24
PASS
REGISTER mechanicalSamples=5 physicalSamples=3 discrepancies=3 claims=2 plans=6 media=16
PASS
ATLAS media=16 collections=9 photoObs=13 uiPhotos=13
PASS
{
  "benchmark_id": "benchmark.registration.planar_homography.0.9.8",
  "kind": "SYNTHETIC_ANALYTIC_CONTROL",
  "correspondence_count": 6,
  "reprojection_rmse_px": 4.3453624276198343e-13,
  "plane_rmse_m": 1.3259401376254866e-15,
  "pass": true,
  "created_at": "2026-09-17T23:49:12.565Z"
}
REGISTRATION LAB priors=14 controls=33 jobs=10 pairClusters=3 surveySources=6 benchmark=PASS
PASS
{
  "pass": true,
  "tests": [
    {
      "id": "exact_fit_rmse",
      "value": 1.1632471704138598e-12,
      "tolerance_px": 1e-7,
      "pass": true
    },
    {
      "id": "exact_holdout_rmse",
      "value": 8.41205780201832e-13,
      "tolerance_px": 0.000001,
      "pass": true
    },
    {
      "id": "noise_0.25px_fit_rmse",
      "value": 0.07256135398647164,
      "tolerance_px": 0.5,
      "pass": true
    },
    {
      "id": "noise_0.25px_holdout_rmse",
      "value": 0.28418043071699745,
      "tolerance_px": 1.5,
      "pass": true
    }
  ]
}
CONTROL NET frames=4 constraints=7 points=6 real_jobs=10 yaw=-4.45 arcmin DLT=PASS
PASS
ARCHIVE HARVEST knowledge=42 timeline=17 monuments=9 claims=8 receipts=14 openMedia=7
PASS
SOURCE PARSER validation PASS records=26 raw_byte_verified=0 locators=BOUND
ACTION GRAPH validation PASS nodes=14 edges=14 geometry_write=NONE ritual_script=NOT_CLAIMED
PRIMARY PLAN PARSER validation PASS sources=13 extractions=34 raw_bytes=0 conflicts=3
ROOM GRAPH validation PASS spaces=24 thresholds=21 geometry_write=NONE
PLAN CONCORDANCE validation PASS facts=14 geometry_write=NONE
VISIBILITY LAB validation PASS spaces=24 transitions=22 metric_rays=0 geometry_write=NONE
SOURCE-BYTE REGISTRATION PASS candidates=4 receipts=4 attempts=4 raw_byte_verified=0
METRIC VIEW LAB PASS readiness=4 registered_plans=0 metric_rays=0 plate_local_gate=READY
PLATE REGISTRATION PASS threshold_profiles=2 synthetic=PASS raw=0 controls=0 holdouts=0 canonical_registered=0 metric_rays=0
RESIDUAL FIELD PASS archaeological=BLOCKED_PENDING_FIT authority=NONE
INTENT RECONSTRUCTION hypotheses=8 links=25 tests=5
PASS
GIZA v0.10.7 map validation maps=11 room_spaces=24 visibility_spaces=24 metric_targets=4 survey_points=6 manifest=7714939bae37
registered_plans=0 metric_visibility_rays=0 geometry_write=NONE shell=LOCKED scroll_atlas=READY
PASS
PRIMARY SOURCE VAULT assets=14 snapshots=5 locks=2 localRaw=0
cache=EMPTY_OR_PRIVATE_ONLY
PASS
findings=36 pattern_watch=5 research_priority=17
PASS
CONTINUITY PASS version=0.11.0; evidence artifact versions preserved; workbench present.
PASS src/App.tsx
PASS src/components/GizaScene.tsx
PASS src/epigraphy/ArtifactOverview.tsx
PASS src/epigraphy/InscriptionLab.tsx
PASS src/epigraphy/InscriptionLauncher.tsx
PASS src/epigraphy/ReadingBoard.tsx
PASS src/epigraphy/RestorationStudio.tsx
PASS src/epigraphy/SourceViewer.tsx
PASS src/epigraphy/StoryPanel.tsx
PASS src/epigraphy/catalog.ts
PASS src/epigraphy/model.ts
PASS src/epigraphy/navigation.ts
PASS src/epigraphy/signs.ts
PASS src/epigraphy/storage.ts
PASS src/epigraphy/story.ts
PASS src/evidence/AssemblyEntry.tsx
PASS src/evidence/AssemblyScene.tsx
PASS src/evidence/AssemblyWorkbench.tsx
PASS src/evidence/ComparisonPanel.tsx
PASS src/evidence/FeaturePanel.tsx
PASS src/evidence/InvestigationPanel.tsx
PASS src/evidence/SavedInvestigations.tsx
PASS src/evidence/SpatialTools.tsx
PASS src/evidence/UncertaintyReadout.tsx
PASS src/evidence/assembly.ts
PASS src/evidence/authority.ts
PASS src/evidence/dependencies.ts
PASS src/evidence/export.ts
PASS src/evidence/graph.ts
PASS src/evidence/intelligence.ts
PASS src/evidence/investigations.ts
PASS src/evidence/observationContract.ts
PASS src/evidence/presentation.ts
PASS src/evidence/receipts.ts
PASS src/evidence/registration.ts
PASS src/evidence/spatial.ts
PASS src/evidence/types.ts
PASS src/evidence/viewGeometry.ts
PASS src/lib/componentDetails.ts
PASS src/lib/evidence.ts
PASS src/lib/field.ts
PASS src/lib/interiorInspection.ts
PASS src/lib/model.ts
PASS src/lib/runtimeData.ts
PASS src/lib/runtimeWebGL.ts
PASS src/lib/search.ts
PASS src/lib/solver.ts
PASS src/lib/workspace.ts
PASS src/main.tsx
PASS src/maps/AtlasNavigator.tsx
PASS src/maps/MapAtlasPanel.tsx
PASS src/maps/MapVisuals.tsx
PASS src/maps/types.ts
PASS src/scene/CameraRig.tsx
PASS src/scene/ComponentScene.tsx
PASS src/scene/DetailGeometry.tsx
PASS src/scene/DetailMaterial.tsx
PASS src/scene/FieldLayer.tsx
PASS src/scene/MasonryLayer.tsx
PASS src/scene/MonumentLayer.tsx
PASS src/scene/SimulationLayer.tsx
PASS src/scene/geometry.ts
PASS src/scene/types.ts
PASS src/simlab/types.ts
PASS src/sphinx/SpecificationsPanel.tsx
PASS src/sphinx/SphinxEntry.tsx
PASS src/sphinx/SphinxMaterial.tsx
PASS src/sphinx/SphinxReferences.tsx
PASS src/sphinx/SphinxScene.tsx
PASS src/sphinx/SphinxWorkbench.tsx
PASS src/sphinx/catalog.ts
PASS src/sphinx/geometry.ts
PASS src/sphinx/references.ts
PASS src/sphinx/specifications.ts
PASS src/version.ts
PASS src/workstation/ComponentWorkbench.tsx
PASS src/workstation/DimensionReadout.tsx
PASS src/workstation/LeftRail.tsx
PASS src/workstation/ObjectInspectorPanel.tsx
PASS src/workstation/OptionalWorkspaces.tsx
PASS src/workstation/RealityControls.tsx
PASS src/workstation/RecoveryBoundary.tsx
PASS src/workstation/ReferenceGallery.tsx
PASS src/workstation/SpatialViewport.tsx
PASS src/workstation/WorkspaceBoundary.tsx
PASS src/workstation/WorkstationFooter.tsx
PASS src/workstation/WorkstationHeader.tsx
PASS src/workstation/quickViewDefinitions.ts
PASS src/workstation/types.ts
syntax files=89

> giza-nexus-registration-workbench@0.11.0 test:repairs
> node --test tests/registration-repairs.test.mjs

✔ valid freeze + fit preserves all holdouts and never promotes geometry (152.8521ms)
✔ AUDIT: modern profile rejects four controls even with a perfect fit (58.9381ms)
✔ profile-specific holdout minimum enforced (58.8149ms)
✔ modern six-control/three-holdout profile can pass (134.9695ms)
✔ AUDIT: a doubled scale fails even with perfect positional residuals (122.1141ms)
✔ missing independent scale is not silently skipped (36.0489ms)
✔ AUDIT: changed render bytes reject before fit (91.8495ms)
✔ changed source bytes reject before freeze (35.4451ms)
✔ AUDIT: missing target provenance cannot use a fallback string (43.2911ms)
✔ unknown target source rejected (50.2173ms)
✔ target locator and independence assertion required (52.1004ms)
✔ AUDIT: refreeze after result cannot overwrite original coordinates (144.6796ms)
✔ refreeze before result is also blocked (119.7688ms)
✔ fit cannot overwrite prior result (150.7939ms)
✔ post-freeze coordinate edits are detected by content seal (113.9879ms)
✔ post-freeze threshold edits cannot loosen acceptance (104.8082ms)
✔ a missing immutable seal blocks fit (97.6169ms)
✔ duplicate landmark IDs cannot straddle control and holdout (67.7527ms)
✔ duplicate pixel locations cannot be counted twice (68.0677ms)
✔ nonfinite coordinates rejected (61.0529ms)
✔ pixels outside the checksum-bound render rejected (58.7314ms)
✔ collinear controls cannot qualify as a two-dimensional plate sample (89.0556ms)
✔ a failed holdout remains in an immutable failed result (125.5988ms)
✔ source/render linkage is checked, not only their individual hashes (34.8537ms)
✔ AUDIT: unrelated cached bytes do not relabel copied observations as raw extraction (267.2309ms)
ℹ tests 25
ℹ suites 0
ℹ pass 25
ℹ fail 0
ℹ cancelled 0
ℹ skipped 0
ℹ todo 0
ℹ duration_ms 2454.6286

> giza-nexus-registration-workbench@0.11.0 test:components
> node --test tests/component-details.test.mjs

✔ coffer body and lid distinguish object measurements from assembly context (1.3581ms)
✔ lower doorway closes the reported east wall without inventing a height (0.3186ms)
✔ transcript pin markers stay within the west rim and have no inferred depth (0.5904ms)
✔ photo deduplication preserves records and canonical source order (0.8505ms)
✔ supplement observations resolve sources, SI conversions and part bindings (0.2966ms)
✔ coffer body and hollow cavity use Petrie inch dimensions in metres (0.1935ms)
✔ north-south coffer fits the room with source-reported west/north clearances (0.1734ms)
✔ missing and nonfinite survey values fail closed (0.6109ms)
✔ object isolation never includes the full pyramid or unrelated parts (0.2493ms)
✔ every catalog part can be opened and retains its evidence distinction (1.9716ms)
✔ new reference records have valid bindings, licenses, and no metric authority (0.4695ms)
ℹ tests 11
ℹ suites 0
ℹ pass 11
ℹ fail 0
ℹ cancelled 0
ℹ skipped 0
ℹ todo 0
ℹ duration_ms 574.9273

> giza-nexus-registration-workbench@0.11.0 test:usability
> node --test tests/usability.test.mjs

✔ corrupt workspace inputs fall back safely (1.7717ms)
✔ nonfinite controls and invalid enums cannot crash camera (0.2821ms)
✔ numeric workspace values clamp to control limits (0.145ms)
✔ workspace sanitizer does not mutate shared defaults (0.1491ms)
✔ search matches all words across names and IDs (14.552ms)
✔ search never upgrades hypothesis status (0.4262ms)
✔ selection cannot change monument geometry scale (0.6719ms)
ℹ tests 7
ℹ suites 0
ℹ pass 7
ℹ fail 0
ℹ cancelled 0
ℹ skipped 0
ℹ todo 0
ℹ duration_ms 492.1573

> giza-nexus-registration-workbench@0.11.0 test:sphinx
> node --test tests/sphinx.test.mjs

✔ Sphinx catalog has unique explicit study regions and authoritative source links (1.0332ms)
✔ assembled pose is unshifted and explosion clamps nonfinite/out-of-range values (0.9473ms)
✔ explosion is deterministic, reversible, and leaves source offsets untouched (0.1911ms)
✔ repair-block field is deterministic, finite, bounded and nonrandom (2.429ms)
✔ Sphinx surfaces have finite positions, normals and triangle indices (190.6389ms)
✔ every anatomical loft has closed topology and outward winding (423.813ms)
✔ flattened paws preserve bilateral position and overall eastward envelope (24.0281ms)
✔ offline comparison photographs have credited licenses and matching source-byte hashes (20.2999ms)
✔ heavy viewers load on demand and Escape respects the inscription modal (3.0343ms)
✔ interpreted body and head stay in the documented display envelope (49.6846ms)
✔ new workspace does not write to canonical archaeological data (0.6497ms)
✔ stela mesh obeys its chosen published height while preserving conflicting source summaries (6.5347ms)
ℹ tests 12
ℹ suites 0
ℹ pass 12
ℹ fail 0
ℹ cancelled 0
ℹ skipped 0
ℹ todo 0
ℹ duration_ms 1333.5981

> giza-nexus-registration-workbench@0.11.0 test:epigraphy
> node --test tests/epigraphy.test.mjs tests/epigraphy-storage.test.mjs tests/epigraphy-navigation.test.mjs

✔ selected-zone fit centers the normalized target with display-only padding (1.0408ms)
✔ small zones respect the 400 percent zoom ceiling (0.1632ms)
✔ full-image framing never zooms below 100 percent (1.063ms)
✔ portrait and landscape sources fit without invalid letterbox scrolling (0.1884ms)
✔ corner-zone framing clamps to actual image scroll bounds (0.1561ms)
✔ invalid extents and coordinates yield finite bounded display values (0.2961ms)
✔ fitting does not mutate normalized observations or source dimensions (0.1829ms)
✔ a missing notebook loads without writing and saves the existing JSON schema (3.0031ms)
✔ load retains exact original bytes, including whitespace, as its baseline (0.4412ms)
✔ malformed and unsupported persisted data stays untouched and cannot be auto-saved over (0.451ms)
✔ storage access failures and unavailable storage block load and save (0.2583ms)
✔ quota or write failure reports an unsaved draft without changing the old copy (0.4519ms)
✔ two tabs that loaded the same baseline cannot sequentially overwrite each other (0.3291ms)
✔ creation in another tab and deletion in another tab also count as conflicts (0.2711ms)
✔ identical saves avoid unnecessary writes but still reject a stale baseline (0.1885ms)
✔ readback detects an immediately competing write without reporting a successful save (0.2644ms)
✔ oversized UTF-8 notebooks are preserved on load and rejected before any save (30.8446ms)
✔ serialization failures do not write and verification failures do not claim success (2.352ms)
✔ old v1 notebooks migrate to an empty prediction layer without source changes (1.9985ms)
✔ predicted color round trips with provenance and never becomes observed pigment (33.7528ms)
✔ hypothesis imports reject malformed, injected and unbounded strokes (0.9551ms)
✔ generated prediction is checksum-bound and excluded from the evidence catalog (11.9015ms)
✔ inspection excludes shells, terrain, hidden envelopes and hypotheses (0.4141ms)
✔ subsystem isolation is reversible and does not edit canonical parts (1.1419ms)
✔ fit bounds follow normalized explosion vectors and handle empty selection (0.3818ms)
✔ zone coordinates normalize reverse drags and clamp image bounds (0.2178ms)
✔ notebook round trip retains source identity and separate traces (0.308ms)
✔ malformed imports cannot supply unknown sources, duplicate IDs or invalid geometry (0.564ms)
✔ AI import cannot promote itself to a human-reviewed translation (0.2777ms)
✔ review needs an operator, citation and reading; edits revoke attestation (0.222ms)
✔ manual AI packet retains image provenance and never claims connected inference (0.2297ms)
✔ bundled source images have stable bytes and visible rights metadata (24.1001ms)
✔ sign palette contains unique valid Egyptian Unicode characters with code labels (0.6091ms)
✔ bundled hieroglyph font maps every sign, including late base-block additions (12.1325ms)
ℹ tests 34
ℹ suites 0
ℹ pass 34
ℹ fail 0
ℹ cancelled 0
ℹ skipped 0
ℹ todo 0
ℹ duration_ms 827.2001

> giza-nexus-registration-workbench@0.11.0 test:evidence-assembly
> node --test tests/evidence-assembly.test.mjs tests/evidence-intelligence.test.mjs tests/evidence-view.test.mjs tests/evidence-boundaries.test.mjs tests/evidence-workflow.test.mjs tests/evidence-campaign.test.mjs

✔ building assembly preserves exact canonical input and deterministic contract (16.8208ms)
✔ rigid transforms round trip after 10000 iterations without scale/drift (15.5117ms)
✔ metric transforms reject scale, shear, reflection, NaN and non-affine matrices (0.9224ms)
✔ explicit frame hierarchy blocks unresolved monument/world and detached lid (0.5611ms)
✔ frame graph rejects inconsistent alternative transform paths (0.4638ms)
✔ legacy/detail disagreements are quantified without canonical rewrite (0.2184ms)
✔ detail agreement is constrained by exact west/north clearance records (0.3854ms)
✔ measurement invariance under selection, isolation, explosion and animation (74.9808ms)
✔ cross-object lid/body measurements are UNKNOWN, local lid dimensions remain measurable (6.6661ms)
✔ angles use canonical coordinates and reject coincident or unresolved inputs (1.1184ms)
✔ reality layers isolate actual spatial objects independently (0.4079ms)
✔ measured dimension features bind their exact scalar, units, locator and recorded uncertainty (0.3271ms)
✔ every feature resolves observations and every observation resolves source metadata (0.5918ms)
✔ lid fit, physical pose and unmapped pin/groove/recess geometry remain UNKNOWN (0.1571ms)
✔ body solid decomposition preserves hollow cavity without overlap or invented fill (0.4132ms)
✔ orthogonal section caps preserve cavity opening and exact model section area (3.6518ms)
✔ oblique sections are ordered coplanar polygons with no invented caps outside volume (0.52ms)
✔ coordinate export/import round trip preserves units, axes, datums, unknowns and all receipts (21.377ms)
✔ trust boundary rejects malformed frames, invalid geometry and forged finite certainty (68.9115ms)
✔ malformed points and planes fail closed rather than returning NaN geometry (0.4448ms)
✔ missing optional observations become explicit unknown graph records without crashing core (11.9167ms)
✔ missing/invalid core dimensions never invent a replacement body (22.188ms)
✔ chamber surfaces are hollow-space boundaries, not solid wall envelopes or invented connected tunnels (0.8691ms)
✔ legacy measured-provenance meshes cannot be promoted to observed survey surfaces (1.937ms)
✔ Sphinx photo-informed meshes and synthetic repairs have independently gated authority (0.675ms)
✔ Sphinx view and GLB exports retain governed object authority and presentation status (1.2328ms)
✔ recognized lower-authority observations cannot generate observed or reconstructed physical solids (35.4076ms)
✔ hypothetical placement descriptions do not resolve a physical chamber relationship (24.9605ms)
✔ unsupported source statuses reject rather than default to observation (14.0975ms)
✔ valid hypothesis records cannot be laundered through imported observed features (50.6531ms)
✔ observation value union is identical in direct, assembly, graph and checksum-valid receipt boundaries (773.6843ms)
✔ zero and null stay distinct; source, units, duplicate IDs and dangerous keys fail closed (6.3082ms)
✔ metre centimetre and inch source inputs produce equivalent geometry; angles do not (27.1248ms)
✔ observed scalar endpoints retain reconstructed geometry authority (1.419ms)
✔ adding unrelated constraint context cannot expand direct supporting evidence (9.625ms)
✔ dependency fingerprint ignores unrelated context but changes with relevant inputs (481.2617ms)
✔ actual archived v1 computations remain replayable without inventing new identity metadata (150.2178ms)
✔ positive source bytes → freeze → shared fit → replay → reviewed 2D revision → rollback (2216.0354ms)
✔ failed holdout is retained and cannot become an accepted revision (833.475ms)
✔ independent classification rejects same-underlying-source control even if fit is numerically perfect (142.774ms)
✔ missing scale, missing source permission and wrong units reject before result (257.8749ms)
✔ byte changes, input changes and fabricated replay results fail closed (706.3608ms)
✔ feature evidence graph reaches exact observation, locator, source and explicit unknown custody (9.5881ms)
✔ graph trust boundary rejects dangling relations, duplicates, nonfinite data and prototype keys (54.7512ms)
✔ candidates are deterministic and carry evidence, computation, alternatives, falsifiers and authority (1.5411ms)
✔ lid fit is a scalar compatibility candidate, not observed clearance or statistical discovery (0.4299ms)
✔ missing optional observations remain UNKNOWN and graph/candidates still load (22.9201ms)
✔ every candidate computation reproduces into an immutable versioned content-hashed receipt (1788.5075ms)
✔ tampered candidate, receipt, input graph and wrong declared frame fail closed (117.9611ms)
✔ review produces an append-only nonauthoritative finding and traversable graph records (237.3736ms)
✔ realistic reconstruction cannot become OBSERVED through review or imported pass flags (62.0057ms)
✔ checksum-valid finding forgeries cannot promote authority or change referenced experiment semantics (271.5629ms)
✔ journal requires an earlier matching experiment and rejects cross-assembly/frame records (327.9875ms)
✔ promotion gates are replayed against the sealed graph, not trusted from hash-valid flags (262.1039ms)
✔ research graph is compact and full replay snapshots stay exclusively in immutable receipts (1472.6822ms)
✔ canonical graph hash is stable under object key ordering, not coordinate changes (0.8557ms)
✔ append-only persisted journal preserves corrupted data and refuses stale/deleting writes (224.6201ms)
✔ registration comparison preserves control/holdout vectors and has NO imported metric authority (1.1342ms)
✔ malformed residuals and counterfeit fit shapes are isolated, never rendered as evidence (24.2745ms)
✔ physical picks round trip through display poses at every explosion distance (14.4733ms)
✔ lid visual parking never resolves its physical placement or changes local distance (1.873ms)
✔ section cap excludes the cavity and unknown lid, with no shared-base double count (1.6803ms)
✔ section results agree in object and assembly frames and support non-unit normals (0.5052ms)
✔ bookmark and display input guards reject nonfinite data and cameras at target (1.968ms)
✔ contextual tool keyboard routing and selections cannot modify physical geometry (0.69ms)
✔ short landscape keeps a viewport-focused layout and honest candidate uncertainty (0.4438ms)
✔ investigation drafts stay mounted while following evidence or closing a panel (0.334ms)
✔ residual keyboard focus uses a non-scaling marker, not a metre-sized CSS outline (0.488ms)
✔ visible geometry is exactly isolated and authority filtered; camera bounds share this set (1.0551ms)
✔ computed cap picks preserve canonical position and section provenance under inspection movement (2.5489ms)
✔ saved investigations round trip original geometry, result, points and separate presentation (161.0048ms)
✔ relevant revised geometry makes a saved investigation historical without changing its snapshot (117.9408ms)
✔ checksum-valid false result or off-plane cap cannot pass restore (91.6459ms)
✔ storage protects duplicates, stale tabs, corrupt bytes and quota failures (225.158ms)
ℹ tests 74
ℹ suites 0
ℹ pass 74
ℹ fail 0
ℹ cancelled 0
ℹ skipped 0
ℹ todo 0
ℹ duration_ms 6240.5122

> giza-nexus-registration-workbench@0.11.0 test:runtime
> node --test tests/runtime-resilience.test.mjs

✔ every shipped startup dataset satisfies its runtime contract without rewriting records (123.3699ms)
✔ shape validation rejects wrong containers, row types, and nested numeric corruption (11.3058ms)
✔ required canonical geometry fails closed on malformed vectors and primitive sizes (5.1803ms)
✔ duplicate IDs, unknown provenance and invalid masonry cannot enter canonical rendering (5.2909ms)
✔ missing optional bytes yield explicit unavailable diagnostics, never a passing benchmark or zero result (1.5963ms)
✔ invalid JSON, rejected fetches, and malformed optional schemas are quarantined (1.452ms)
✔ missing mandatory data is actionable and cannot be replaced with fabricated defaults (0.7612ms)
✔ malformed observations and orphan source bindings are quarantined without authority fallback (2.9119ms)
✔ healthy loader preserves source objects and unrecognized extension fields byte-equivalently (1.948ms)
✔ complete workstation loads when all optional research datasets are unavailable (30.5564ms)
✔ diagnostics do not leak between retries and healthy load retains the full research corpus (65.0319ms)
✔ core model resolves before hanging optional data and aborted subscriptions cannot replace newer state (73.4948ms)
✔ WebGL loss is cancelable, restoration clears status, and unmount removes listeners (0.5332ms)
✔ heavy optional workspaces have lazy entries, recoverable boundaries and data guards (0.9624ms)
ℹ tests 14
ℹ suites 0
ℹ pass 14
ℹ fail 0
ℹ cancelled 0
ℹ skipped 0
ℹ todo 0
ℹ duration_ms 900.2379

> giza-nexus-registration-workbench@0.11.0 validate:evidence-assembly
> node scripts/evidence/validate.mjs

{
  "passed": true,
  "features": 50,
  "observations": 39,
  "graph_nodes": 260,
  "graph_edges": 520,
  "investigation_candidates": 13,
  "experiments": 13,
  "sha256": "b2f92b2686f5bc0f5748b66a3d59ed352e71b53da10a1967da05d4f7d55d2e67",
  "output": null,
  "archaeological_registration": "NOT_PRODUCED",
  "note": "This targeted contract validator does not replace npm run check, browser tests or production build."
}

> giza-nexus-registration-workbench@0.11.0 build:workbench
> node scripts/workbench/build.mjs

WORKBENCH BUILD PASS — native browser modules ready; optional scoped campaigns reuse shared TypeScript contracts and registration engine.

