
> giza-nexus-registration-workbench@0.12.0 start
> node scripts/start.mjs --smoke

vite v7.3.6 building client environment for production...
transforming...
✓ 709 modules transformed.
rendering chunks...
computing gzip size...
dist/index.html                                 0.49 kB │ gzip:   0.32 kB

(!) Some chunks are larger than 500 kB after minification. Consider:
- Using dynamic import() to code-split the application
- Use build.rollupOptions.output.manualChunks to improve chunking: https://rollupjs.org/configuration-options/#output-manualchunks
- Adjust chunk size limit for this warning via build.chunkSizeWarningLimit.
dist/assets/AssemblyWorkbench-BWFPiQzv.css      8.81 kB │ gzip:   2.53 kB
dist/assets/InscriptionLab-CbLDiibl.css        22.73 kB │ gzip:   5.44 kB
dist/assets/index-DPVLnBj_.css                 84.75 kB │ gzip:  19.22 kB
dist/assets/DetailMaterial-Blv4UV17.js          0.75 kB │ gzip:   0.54 kB
dist/assets/specifications-BP32DZb4.js          1.36 kB │ gzip:   0.62 kB
dist/assets/ComponentWorkbench-Cjr3taM1.js     18.90 kB │ gzip:   6.73 kB
dist/assets/MapAtlasPanel-D8tJAMbL.js          30.42 kB │ gzip:   9.75 kB
dist/assets/SphinxWorkbench-ZumYk6MD.js        31.42 kB │ gzip:  12.35 kB
dist/assets/GLTFExporter-D4Onafbl.js           35.27 kB │ gzip:  10.53 kB
dist/assets/InscriptionLab-CKkGRXf3.js         81.44 kB │ gzip:  23.58 kB
dist/assets/AssemblyWorkbench-Dd53fCTA.js     154.74 kB │ gzip:  48.46 kB
dist/assets/index-njvV50MJ.js               1,245.00 kB │ gzip: 352.69 kB
✓ built in 9.06s
Compiled 0.12.0+dev.20260918172856946. Receipt: C:\Users\jacks\AppData\Local\Temp\giza-runtime\328b8f526dd4
GIZA 0.10.12 Registration Workbench: http://127.0.0.1:4184/workbench/
  ➜  Local:   http://127.0.0.1:4183/
GIZA READY — http://127.0.0.1:4183/ — Ctrl+C stops both services.
