
> giza-nexus-registration-workbench@0.10.12 check
> npm run check:legacy && npm run test:repairs && npm run build:workbench


> giza-nexus-registration-workbench@0.10.12 check:legacy
> node scripts/validate-model.mjs && node scripts/validate-evidence.mjs && node scripts/validate-solvers.mjs && node scripts/validate-canon.mjs && node scripts/field/validate-field.mjs && node scripts/validate-ui-layout.mjs && node scripts/validate-visual-contract.mjs && node scripts/validate-frame.mjs && node scripts/simlab/validate-simlab.mjs && node scripts/simlab/validate-echo.mjs && node scripts/simlab/validate-strata.mjs && node scripts/observatory/validate-observatory.mjs && node scripts/observatory/validate-register.mjs && node scripts/media/validate-atlas-ingest.mjs && node scripts/registration/benchmark.mjs && node scripts/registration/validate-registration.mjs && node scripts/controlnet/benchmark.mjs && node scripts/controlnet/validate.mjs && node scripts/corpus/validate-corpus.mjs && node scripts/source_parser/validate.mjs && node scripts/action_graph/validate.mjs && node scripts/plan_parser/validate.mjs && node scripts/room_graph/validate.mjs && node scripts/plan_concordance/validate.mjs && node scripts/visibility_lab/validate.mjs && node scripts/source_bytes/validate.mjs && node scripts/metric_view/validate.mjs && node scripts/plate_registration/validate.mjs && node scripts/residual_field/validate.mjs && node scripts/intent/validate-intent.mjs && node scripts/maps/validate-maps.mjs && node scripts/vault/validate-vault.mjs && node scripts/validate-findings.mjs && node scripts/validate-continuity.mjs && node scripts/syntax-check.cjs

GIZA v0.10.7 model validation
parts=56 assemblies=9 measurements=127 media=13 stoneCells=10152
PASS
GIZA v0.10.7 evidence validation sources=73 items=12 maturityLevels=6 queue=4 quarantinedAssets=0
PASS
GIZA v0.10.7 solver validation solvers=7
PASS
GIZA v0.10.7 CANON validation
sources=73 parts=56 rights=73 conflicts=7
futureMeasurements=13 materialProperties=9 unverifiedParts=31
PASS
GIZA // FIELD validation
parts=56 sources=73 photoNodes=6 photoEdges=5
uncertaintyTargets=4 promotionTargets=6 acquisitionTargets=5
photoClusters=3 mappedCandidates=0 terrainImports=0
terrainActive=NONE unverifiedParts=31
PASS
GIZA v0.10.7 UI layout validation
inspector=docked tabs=4x2 hero=conditional solverSwitch=3 findings=fixed-shell responsiveGuard=1020px
PASS
GIZA v0.10.7 visual contract
baseline=1672x941 shell=LOCKED brand=GIZA_NEXUS nav=5 inspector=DOCKED_4x2
PASS
GIZA v0.10.7 // FRAME architecture validation
App.tsx=11711 bytes GizaScene.tsx=4096 bytes modules=12
PASS
GIZA // SIMLAB validation
gravity map points=961 elements=1672 peak=283.423 microGal
controls shafts=251.958 terminals=31.746 microGal
knownInteriorScreen=33.573 microGal sensitivityScenarios=27
benchmark=PASS runs=6 null=no_void_density_contrast
PASS
GIZA // ECHO validation
components=12 pressurePoints=385
burialFundamental=12.123 Hz lower=16.426 Hz
clusters=7 independentNullMean=3.825 constrainedNullMean=4.850
benchmark=PASS designClaim=NOT_ESTABLISHED
PASS
STRATA stress648=16.522 MPa water648=6.355 MPa points=106
PASS
OBSERVATORY observations=129 publications=25 media=16 cross_domain=16 acquisition=24
PASS
REGISTER mechanicalSamples=5 physicalSamples=3 discrepancies=3 claims=2 plans=6 media=16
PASS
ATLAS media=16 collections=9 photoObs=13 uiPhotos=13
PASS
{
  "benchmark_id": "benchmark.registration.planar_homography.0.9.8",
  "kind": "SYNTHETIC_ANALYTIC_CONTROL",
  "correspondence_count": 6,
  "reprojection_rmse_px": 4.3453624276198343e-13,
  "plane_rmse_m": 1.3259401376254866e-15,
  "pass": true,
  "created_at": "2026-09-16T10:23:18.386Z"
}
REGISTRATION LAB priors=14 controls=33 jobs=10 pairClusters=3 surveySources=6 benchmark=PASS
PASS
{
  "pass": true,
  "tests": [
    {
      "id": "exact_fit_rmse",
      "value": 1.1632471704138598e-12,
      "tolerance_px": 1e-7,
      "pass": true
    },
    {
      "id": "exact_holdout_rmse",
      "value": 8.41205780201832e-13,
      "tolerance_px": 0.000001,
      "pass": true
    },
    {
      "id": "noise_0.25px_fit_rmse",
      "value": 0.07256135398647164,
      "tolerance_px": 0.5,
      "pass": true
    },
    {
      "id": "noise_0.25px_holdout_rmse",
      "value": 0.28418043071699745,
      "tolerance_px": 1.5,
      "pass": true
    }
  ]
}
CONTROL NET frames=4 constraints=7 points=6 real_jobs=10 yaw=-4.45 arcmin DLT=PASS
PASS
ARCHIVE HARVEST knowledge=42 timeline=17 monuments=9 claims=8 receipts=14 openMedia=7
PASS
SOURCE PARSER validation PASS records=26 raw_byte_verified=0 locators=BOUND
ACTION GRAPH validation PASS nodes=14 edges=14 geometry_write=NONE ritual_script=NOT_CLAIMED
PRIMARY PLAN PARSER validation PASS sources=13 extractions=34 raw_bytes=0 conflicts=3
ROOM GRAPH validation PASS spaces=24 thresholds=21 geometry_write=NONE
PLAN CONCORDANCE validation PASS facts=14 geometry_write=NONE
VISIBILITY LAB validation PASS spaces=24 transitions=22 metric_rays=0 geometry_write=NONE
SOURCE-BYTE REGISTRATION PASS candidates=4 receipts=4 attempts=4 raw_byte_verified=0
METRIC VIEW LAB PASS readiness=4 registered_plans=0 metric_rays=0 plate_local_gate=READY
PLATE REGISTRATION PASS threshold_profiles=2 synthetic=PASS raw=0 controls=0 holdouts=0 canonical_registered=0 metric_rays=0
RESIDUAL FIELD PASS archaeological=BLOCKED_PENDING_FIT authority=NONE
INTENT RECONSTRUCTION hypotheses=8 links=25 tests=5
PASS
GIZA v0.10.7 map validation maps=11 room_spaces=24 visibility_spaces=24 metric_targets=4 survey_points=6 manifest=7714939bae37
registered_plans=0 metric_visibility_rays=0 geometry_write=NONE shell=LOCKED scroll_atlas=READY
PASS
PRIMARY SOURCE VAULT assets=14 snapshots=5 locks=2 localRaw=0
cache=EMPTY_OR_PRIVATE_ONLY
PASS
findings=36 pattern_watch=5 research_priority=17
PASS
CONTINUITY PASS version=0.10.12; evidence artifact versions preserved; workbench present.
PASS src/App.tsx
PASS src/components/GizaScene.tsx
PASS src/lib/evidence.ts
PASS src/lib/field.ts
PASS src/lib/model.ts
PASS src/lib/solver.ts
PASS src/lib/workspace.ts
PASS src/main.tsx
PASS src/maps/AtlasNavigator.tsx
PASS src/maps/MapAtlasPanel.tsx
PASS src/maps/MapVisuals.tsx
PASS src/maps/types.ts
PASS src/scene/CameraRig.tsx
PASS src/scene/FieldLayer.tsx
PASS src/scene/MasonryLayer.tsx
PASS src/scene/MonumentLayer.tsx
PASS src/scene/SimulationLayer.tsx
PASS src/scene/geometry.ts
PASS src/scene/types.ts
PASS src/simlab/types.ts
PASS src/workstation/LeftRail.tsx
PASS src/workstation/ObjectInspectorPanel.tsx
PASS src/workstation/SpatialViewport.tsx
PASS src/workstation/WorkstationFooter.tsx
PASS src/workstation/WorkstationHeader.tsx
PASS src/workstation/types.ts
syntax files=26

> giza-nexus-registration-workbench@0.10.12 test:repairs
> node --test tests/registration-repairs.test.mjs

TAP version 13
# Subtest: valid freeze + fit preserves all holdouts and never promotes geometry
ok 1 - valid freeze + fit preserves all holdouts and never promotes geometry
  ---
  duration_ms: 30.241976
  type: 'test'
  ...
# Subtest: AUDIT: modern profile rejects four controls even with a perfect fit
ok 2 - AUDIT: modern profile rejects four controls even with a perfect fit
  ---
  duration_ms: 9.854695
  type: 'test'
  ...
# Subtest: profile-specific holdout minimum enforced
ok 3 - profile-specific holdout minimum enforced
  ---
  duration_ms: 7.397789
  type: 'test'
  ...
# Subtest: modern six-control/three-holdout profile can pass
ok 4 - modern six-control/three-holdout profile can pass
  ---
  duration_ms: 21.234569
  type: 'test'
  ...
# Subtest: AUDIT: a doubled scale fails even with perfect positional residuals
ok 5 - AUDIT: a doubled scale fails even with perfect positional residuals
  ---
  duration_ms: 21.264858
  type: 'test'
  ...
# Subtest: missing independent scale is not silently skipped
ok 6 - missing independent scale is not silently skipped
  ---
  duration_ms: 3.886156
  type: 'test'
  ...
# Subtest: AUDIT: changed render bytes reject before fit
ok 7 - AUDIT: changed render bytes reject before fit
  ---
  duration_ms: 12.973593
  type: 'test'
  ...
# Subtest: changed source bytes reject before freeze
ok 8 - changed source bytes reject before freeze
  ---
  duration_ms: 2.438941
  type: 'test'
  ...
# Subtest: AUDIT: missing target provenance cannot use a fallback string
ok 9 - AUDIT: missing target provenance cannot use a fallback string
  ---
  duration_ms: 3.908009
  type: 'test'
  ...
# Subtest: unknown target source rejected
ok 10 - unknown target source rejected
  ---
  duration_ms: 3.681737
  type: 'test'
  ...
# Subtest: target locator and independence assertion required
ok 11 - target locator and independence assertion required
  ---
  duration_ms: 2.866186
  type: 'test'
  ...
# Subtest: AUDIT: refreeze after result cannot overwrite original coordinates
ok 12 - AUDIT: refreeze after result cannot overwrite original coordinates
  ---
  duration_ms: 19.490849
  type: 'test'
  ...
# Subtest: refreeze before result is also blocked
ok 13 - refreeze before result is also blocked
  ---
  duration_ms: 16.308737
  type: 'test'
  ...
# Subtest: fit cannot overwrite prior result
ok 14 - fit cannot overwrite prior result
  ---
  duration_ms: 20.191117
  type: 'test'
  ...
# Subtest: post-freeze coordinate edits are detected by content seal
ok 15 - post-freeze coordinate edits are detected by content seal
  ---
  duration_ms: 13.844107
  type: 'test'
  ...
# Subtest: post-freeze threshold edits cannot loosen acceptance
ok 16 - post-freeze threshold edits cannot loosen acceptance
  ---
  duration_ms: 14.31036
  type: 'test'
  ...
# Subtest: a missing immutable seal blocks fit
ok 17 - a missing immutable seal blocks fit
  ---
  duration_ms: 14.653889
  type: 'test'
  ...
# Subtest: duplicate landmark IDs cannot straddle control and holdout
ok 18 - duplicate landmark IDs cannot straddle control and holdout
  ---
  duration_ms: 10.067807
  type: 'test'
  ...
# Subtest: duplicate pixel locations cannot be counted twice
ok 19 - duplicate pixel locations cannot be counted twice
  ---
  duration_ms: 10.305295
  type: 'test'
  ...
# Subtest: nonfinite coordinates rejected
ok 20 - nonfinite coordinates rejected
  ---
  duration_ms: 6.117473
  type: 'test'
  ...
# Subtest: pixels outside the checksum-bound render rejected
ok 21 - pixels outside the checksum-bound render rejected
  ---
  duration_ms: 7.249873
  type: 'test'
  ...
# Subtest: collinear controls cannot qualify as a two-dimensional plate sample
ok 22 - collinear controls cannot qualify as a two-dimensional plate sample
  ---
  duration_ms: 9.830969
  type: 'test'
  ...
# Subtest: a failed holdout remains in an immutable failed result
ok 23 - a failed holdout remains in an immutable failed result
  ---
  duration_ms: 17.839417
  type: 'test'
  ...
# Subtest: source/render linkage is checked, not only their individual hashes
ok 24 - source/render linkage is checked, not only their individual hashes
  ---
  duration_ms: 2.902912
  type: 'test'
  ...
# Subtest: AUDIT: unrelated cached bytes do not relabel copied observations as raw extraction
ok 25 - AUDIT: unrelated cached bytes do not relabel copied observations as raw extraction
  ---
  duration_ms: 45.247156
  type: 'test'
  ...
1..25
# tests 25
# suites 0
# pass 25
# fail 0
# cancelled 0
# skipped 0
# todo 0
# duration_ms 415.158528

> giza-nexus-registration-workbench@0.10.12 build:workbench
> node scripts/workbench/build.mjs

WORKBENCH BUILD PASS — browser modules ready; Node built-ins only; no bundler needed.
