
> giza-nexus-registration-workbench@0.11.1 test:browser
> playwright test


Running 19 tests using 1 worker

  ok  1 tests\browser\atlas-expansion.spec.ts:2:95 › full-page atlas readable controls 1280 (8.8s)
  ok  2 tests\browser\atlas-expansion.spec.ts:2:95 › full-page atlas readable controls 390 (5.4s)
  ok  3 tests\browser\atlas-expansion.spec.ts:2:95 › full-page atlas readable controls 844 (4.7s)
  ok  4 tests\browser\atlas-expansion.spec.ts:19:1 › spherical stones and contextual assembly explosion are reversible (12.2s)
  ok  5 tests\browser\evidence-workflow.spec.ts:6:1 › actual model entry, isolation fit, invariant measurement, computation, draft detour, export and restore (13.5s)
  ok  6 tests\browser\evidence-workflow.spec.ts:28:1 › actual pointer cut picking saves computed surfaces in canonical coordinates (8.3s)
  ok  7 tests\browser\evidence-workflow.spec.ts:41:1 › authority-hidden geometry is absent from actual Fit-visible camera bounds (5.9s)
  ok  8 tests\browser\evidence-workflow.spec.ts:47:91 › model-first layout and keyboard 1280x800 (3.3s)
  ok  9 tests\browser\evidence-workflow.spec.ts:47:91 › model-first layout and keyboard 390x844 (3.4s)
  ok 10 tests\browser\evidence-workflow.spec.ts:47:91 › model-first layout and keyboard 844x390 (2.2s)
  ok 11 tests\browser\evidence-workflow.spec.ts:51:53 › optional atlas slow does not block core or force workspace navigation (4.6s)
  ok 12 tests\browser\evidence-workflow.spec.ts:51:53 › optional atlas missing does not block core or force workspace navigation (4.3s)
  ok 13 tests\browser\evidence-workflow.spec.ts:51:53 › optional atlas malformed does not block core or force workspace navigation (3.0s)
  ok 14 tests\browser\layers.spec.ts:2:1 › overview layer requests render underground, respect authority and filter inspection (10.0s)
  ok 15 tests\browser\layers.spec.ts:19:1 › overview overlays and detail controls match their scope (6.5s)
  ok 16 tests\browser\source-campaign.spec.ts:3:1 › actual local workbench: synthetic acquisition → freeze → shared fit → reviewed revision → export → rollback (5.4s)
  ok 17 tests\browser\startup-camera.spec.ts:2:95 › startup centers assembled pyramid despite prior inspection 1280 (5.6s)
  ok 18 tests\browser\startup-camera.spec.ts:2:95 › startup centers assembled pyramid despite prior inspection 390 (3.6s)
  ok 19 tests\browser\startup-camera.spec.ts:2:95 › startup centers assembled pyramid despite prior inspection 844 (3.2s)

  19 passed (2.2m)

[WebServer] (node:1716) Warning: The 'NO_COLOR' env is ignored due to the 'FORCE_COLOR' env being set.
[WebServer] (Use `node --trace-warnings ...` to show where the warning was created)
[WebServer] 
[WebServer] (!) Some chunks are larger than 500 kB after minification. Consider:
[WebServer] - Using dynamic import() to code-split the application
[WebServer] - Use build.rollupOptions.output.manualChunks to improve chunking: https://rollupjs.org/configuration-options/#output-manualchunks
[WebServer] - Adjust chunk size limit for this warning via build.chunkSizeWarningLimit.
[WebServer] (node:24440) Warning: The 'NO_COLOR' env is ignored due to the 'FORCE_COLOR' env being set.
[WebServer] (Use `node --trace-warnings ...` to show where the warning was created)
[WebServer] (node:2628) Warning: The 'NO_COLOR' env is ignored due to the 'FORCE_COLOR' env being set.
[WebServer] (Use `node --trace-warnings ...` to show where the warning was created)
(node:16732) Warning: The 'NO_COLOR' env is ignored due to the 'FORCE_COLOR' env being set.
(Use `node --trace-warnings ...` to show where the warning was created)
