
> giza-nexus-registration-workbench@0.11.1 test:browser
> playwright test


Running 22 tests using 1 worker

  ok  1 tests\browser\atlas-expansion.spec.ts:2:95 › full-page atlas readable controls 1280 (8.5s)
  ok  2 tests\browser\atlas-expansion.spec.ts:2:95 › full-page atlas readable controls 390 (5.0s)
  ok  3 tests\browser\atlas-expansion.spec.ts:2:95 › full-page atlas readable controls 844 (4.9s)
  ok  4 tests\browser\atlas-expansion.spec.ts:19:1 › spherical stones and contextual assembly explosion are reversible (13.8s)
  x   5 tests\browser\centered-orbit.spec.ts:2:1 › off-center wheel zoom and real drag preserve the overview orbit pivot (7.0s)
  ok  6 tests\browser\evidence-workflow.spec.ts:6:1 › actual model entry, isolation fit, invariant measurement, computation, draft detour, export and restore (17.3s)
  ok  7 tests\browser\evidence-workflow.spec.ts:28:1 › actual pointer cut picking saves computed surfaces in canonical coordinates (8.3s)
  ok  8 tests\browser\evidence-workflow.spec.ts:41:1 › authority-hidden geometry is absent from actual Fit-visible camera bounds (5.4s)
  ok  9 tests\browser\evidence-workflow.spec.ts:47:91 › model-first layout and keyboard 1280x800 (2.9s)
  ok 10 tests\browser\evidence-workflow.spec.ts:47:91 › model-first layout and keyboard 390x844 (2.6s)
  ok 11 tests\browser\evidence-workflow.spec.ts:47:91 › model-first layout and keyboard 844x390 (1.5s)
  ok 12 tests\browser\evidence-workflow.spec.ts:51:53 › optional atlas slow does not block core or force workspace navigation (3.4s)
  ok 13 tests\browser\evidence-workflow.spec.ts:51:53 › optional atlas missing does not block core or force workspace navigation (2.8s)
  ok 14 tests\browser\evidence-workflow.spec.ts:51:53 › optional atlas malformed does not block core or force workspace navigation (2.3s)
  ok 15 tests\browser\layers.spec.ts:2:1 › overview layer requests render underground, respect authority and filter inspection (11.0s)
  ok 16 tests\browser\layers.spec.ts:19:1 › overview overlays and detail controls match their scope (7.8s)
  ok 17 tests\browser\source-campaign.spec.ts:3:1 › actual local workbench: synthetic acquisition → freeze → shared fit → reviewed revision → export → rollback (4.9s)
  ok 18 tests\browser\startup-camera.spec.ts:2:95 › startup centers assembled pyramid despite prior inspection 1280 (7.5s)
  ok 19 tests\browser\startup-camera.spec.ts:2:95 › startup centers assembled pyramid despite prior inspection 390 (4.0s)
  ok 20 tests\browser\startup-camera.spec.ts:2:95 › startup centers assembled pyramid despite prior inspection 844 (3.9s)
  ok 21 tests\browser\viewport-drawers.spec.ts:2:1 › viewport drawers collapse after pointer use and support keyboard (5.6s)
  ok 22 tests\browser\viewport-drawers.spec.ts:16:1 › touch drawers open and close explicitly (9.4s)


  1) tests\browser\centered-orbit.spec.ts:2:1 › off-center wheel zoom and real drag preserve the overview orbit pivot 

    Error: expect(received).toEqual(expected) // deep equality

    - Expected  - 3
    + Received  + 3

      Array [
    -   6.430227343029549,
    -   -18.84242352320531,
    -   34.18556277565479,
    +   6.433825455984182,
    +   -18.829311860763948,
    +   34.202289120250946,
      ]

       9 |   await page.mouse.wheel(0,-220);
      10 |   await expect.poll(async()=>Math.hypot(...(await state()).cameraPosition.map((n:number,i:number)=>n-before.cameraPosition[i]))).toBeGreaterThan(1);
    > 11 |   expect((await state()).orbitTarget).toEqual(before.orbitTarget);
         |                                       ^
      12 |   await page.mouse.down();await page.mouse.move(box.x+box.width*.60,box.y+box.height*.58,{steps:12});await page.mouse.up();
      13 |   expect((await state()).orbitTarget).toEqual(before.orbitTarget);
      14 |   await page.getByRole('button',{name:'Full Pyramid',exact:true}).click();
        at C:\Users\jacks\OneDrive\Desktop\GIZA-v0.10.12\tests\browser\centered-orbit.spec.ts:11:39

    attachment #1: screenshot (image/png) ──────────────────────────────────────────────────────────
    test-results\centered-orbit-off-center--ae0e7-ve-the-overview-orbit-pivot\test-failed-1.png
    ────────────────────────────────────────────────────────────────────────────────────────────────

    Error Context: test-results\centered-orbit-off-center--ae0e7-ve-the-overview-orbit-pivot\error-context.md

    attachment #3: trace (application/zip) ─────────────────────────────────────────────────────────
    test-results\centered-orbit-off-center--ae0e7-ve-the-overview-orbit-pivot\trace.zip
    Usage:

        npx playwright show-trace test-results\centered-orbit-off-center--ae0e7-ve-the-overview-orbit-pivot\trace.zip

    ────────────────────────────────────────────────────────────────────────────────────────────────

  1 failed
    tests\browser\centered-orbit.spec.ts:2:1 › off-center wheel zoom and real drag preserve the overview orbit pivot 
  21 passed (2.8m)

[WebServer] (node:2544) Warning: The 'NO_COLOR' env is ignored due to the 'FORCE_COLOR' env being set.
[WebServer] (Use `node --trace-warnings ...` to show where the warning was created)
[WebServer] 
[WebServer] (!) Some chunks are larger than 500 kB after minification. Consider:
[WebServer] - Using dynamic import() to code-split the application
[WebServer] - Use build.rollupOptions.output.manualChunks to improve chunking: https://rollupjs.org/configuration-options/#output-manualchunks
[WebServer] - Adjust chunk size limit for this warning via build.chunkSizeWarningLimit.
[WebServer] (node:19352) Warning: The 'NO_COLOR' env is ignored due to the 'FORCE_COLOR' env being set.
[WebServer] (Use `node --trace-warnings ...` to show where the warning was created)
[WebServer] (node:12116) Warning: The 'NO_COLOR' env is ignored due to the 'FORCE_COLOR' env being set.
[WebServer] (Use `node --trace-warnings ...` to show where the warning was created)
(node:15684) Warning: The 'NO_COLOR' env is ignored due to the 'FORCE_COLOR' env being set.
(Use `node --trace-warnings ...` to show where the warning was created)
(node:25248) Warning: The 'NO_COLOR' env is ignored due to the 'FORCE_COLOR' env being set.
(Use `node --trace-warnings ...` to show where the warning was created)
