
> giza-nexus-registration-workbench@0.10.12 start
> node scripts/start.mjs --smoke

vite v7.3.6 building client environment for production...
transforming...
✓ 687 modules transformed.
rendering chunks...
computing gzip size...
dist/index.html                                 0.49 kB │ gzip:   0.31 kB
dist/assets/AssemblyWorkbench-CzjJlooA.css      7.99 kB │ gzip:   2.34 kB
dist/assets/InscriptionLab-CbLDiibl.css        22.73 kB │ gzip:   5.44 kB
dist/assets/index-DX0_iZdo.css                 77.07 kB │ gzip:  17.58 kB
dist/assets/DetailMaterial-CtX1HVgG.js          0.75 kB │ gzip:   0.53 kB
dist/assets/specifications-BP32DZb4.js          1.36 kB │ gzip:   0.62 kB
dist/assets/ComponentWorkbench-lnsi0rG5.js     17.39 kB │ gzip:   6.10 kB
dist/assets/MapAtlasPanel-D4bCvyRk.js          28.32 kB │ gzip:   8.95 kB
dist/assets/SphinxWorkbench-B4XH1Q1r.js        31.42 kB │ gzip:  12.35 kB
dist/assets/GLTFExporter-EvxSv3vN.js           35.26 kB │ gzip:  10.53 kB
dist/assets/InscriptionLab-tCksqgtM.js         80.43 kB │ gzip:  23.21 kB
dist/assets/AssemblyWorkbench-CV6736dQ.js      97.91 kB │ gzip:  31.27 kB
dist/assets/index-SwAjmoji.js               1,207.87 kB │ gzip: 339.90 kB

(!) Some chunks are larger than 500 kB after minification. Consider:
- Using dynamic import() to code-split the application
- Use build.rollupOptions.output.manualChunks to improve chunking: https://rollupjs.org/configuration-options/#output-manualchunks
- Adjust chunk size limit for this warning via build.chunkSizeWarningLimit.
✓ built in 9.12s
Compiled 0.10.12+dev.20260917180231361. Receipt: C:\Users\jacks\AppData\Local\Temp\giza-runtime\328b8f526dd4
  ➜  Local:   http://127.0.0.1:4177/
GIZA 0.10.12 Registration Workbench: http://127.0.0.1:4178/workbench/
GIZA READY — http://127.0.0.1:4177/ — Ctrl+C stops both services.
