
> giza-nexus-registration-workbench@0.10.12 start
> node scripts/start.mjs --check

vite v7.3.6 building client environment for production...
transforming...
✓ 687 modules transformed.
rendering chunks...
computing gzip size...
dist/index.html                                 0.49 kB │ gzip:   0.31 kB
dist/assets/AssemblyWorkbench-C_qKw1Iq.css      8.62 kB │ gzip:   2.46 kB
dist/assets/InscriptionLab-CbLDiibl.css        22.73 kB │ gzip:   5.44 kB
dist/assets/index-DX0_iZdo.css                 77.07 kB │ gzip:  17.58 kB
dist/assets/DetailMaterial-Dji1e4n2.js          0.75 kB │ gzip:   0.54 kB
dist/assets/specifications-BP32DZb4.js          1.36 kB │ gzip:   0.62 kB
dist/assets/ComponentWorkbench-DCEyitOU.js     17.39 kB │ gzip:   6.10 kB
dist/assets/MapAtlasPanel-C_iMcFol.js          28.32 kB │ gzip:   8.94 kB
dist/assets/SphinxWorkbench-CILALkE7.js        31.42 kB │ gzip:  12.35 kB
dist/assets/GLTFExporter-CJ3Ic0yV.js           35.26 kB │ gzip:  10.53 kB
dist/assets/InscriptionLab-DWjX8my_.js         80.43 kB │ gzip:  23.21 kB
dist/assets/AssemblyWorkbench-Btf9vvez.js      97.99 kB │ gzip:  31.27 kB
dist/assets/index-4jgC6ks5.js               1,207.87 kB │ gzip: 339.89 kB

(!) Some chunks are larger than 500 kB after minification. Consider:
- Using dynamic import() to code-split the application
- Use build.rollupOptions.output.manualChunks to improve chunking: https://rollupjs.org/configuration-options/#output-manualchunks
- Adjust chunk size limit for this warning via build.chunkSizeWarningLimit.
✓ built in 8.88s
Compiled 0.10.12+dev.20260917180532423. Receipt: C:\Users\jacks\AppData\Local\Temp\giza-runtime\328b8f526dd4
