
> giza-nexus-registration-workbench@0.12.0 check
> tsc --noEmit && npm run check:legacy && npm run test:repairs && npm run test:components && npm run test:usability && npm run test:sphinx && npm run test:epigraphy && npm run test:evidence-assembly && npm run test:runtime && npm run validate:evidence-assembly && npm run build:workbench


> giza-nexus-registration-workbench@0.12.0 check:legacy
> node scripts/validate-model.mjs && node scripts/validate-evidence.mjs && node scripts/validate-solvers.mjs && node scripts/validate-canon.mjs && node scripts/field/validate-field.mjs && node scripts/validate-ui-layout.mjs && node scripts/validate-visual-contract.mjs && node scripts/validate-frame.mjs && node scripts/simlab/validate-simlab.mjs && node scripts/simlab/validate-echo.mjs && node scripts/simlab/validate-strata.mjs && node scripts/observatory/validate-observatory.mjs && node scripts/observatory/validate-register.mjs && node scripts/media/validate-atlas-ingest.mjs && node scripts/registration/benchmark.mjs && node scripts/registration/validate-registration.mjs && node scripts/controlnet/benchmark.mjs && node scripts/controlnet/validate.mjs && node scripts/corpus/validate-corpus.mjs && node scripts/source_parser/validate.mjs && node scripts/action_graph/validate.mjs && node scripts/plan_parser/validate.mjs && node scripts/room_graph/validate.mjs && node scripts/plan_concordance/validate.mjs && node scripts/visibility_lab/validate.mjs && node scripts/source_bytes/validate.mjs && node scripts/metric_view/validate.mjs && node scripts/plate_registration/validate.mjs && node scripts/residual_field/validate.mjs && node scripts/intent/validate-intent.mjs && node scripts/maps/validate-maps.mjs && node scripts/vault/validate-vault.mjs && node scripts/validate-findings.mjs && node scripts/validate-continuity.mjs && node scripts/syntax-check.cjs

GIZA v0.10.7 model validation
parts=56 assemblies=9 measurements=127 media=13 stoneCells=10152
PASS
GIZA v0.10.7 evidence validation sources=73 items=12 maturityLevels=6 queue=4 quarantinedAssets=0
PASS
GIZA v0.10.7 solver validation solvers=7
PASS
GIZA v0.10.7 CANON validation
sources=73 parts=56 rights=73 conflicts=7
futureMeasurements=13 materialProperties=9 unverifiedParts=31
PASS
GIZA // FIELD validation
parts=56 sources=73 photoNodes=6 photoEdges=5
uncertaintyTargets=4 promotionTargets=6 acquisitionTargets=5
photoClusters=3 mappedCandidates=0 terrainImports=0
terrainActive=NONE unverifiedParts=31
PASS
GIZA v0.10.7 UI layout validation
inspector=docked tabs=4x2 hero=conditional solverSwitch=3 findings=fixed-shell responsiveGuard=1020px
PASS
GIZA v0.10.7 visual contract
baseline=1672x941 shell=MODEL_FIRST_APPROVED brand=GIZA_NEXUS nav=3 inspector=DOCKED_4x2
PASS
GIZA v0.10.7 // FRAME architecture validation
App.tsx=14841 bytes GizaScene.tsx=6312 bytes modules=12
PASS
GIZA // SIMLAB validation
gravity map points=961 elements=1672 peak=283.423 microGal
controls shafts=251.958 terminals=31.746 microGal
knownInteriorScreen=33.573 microGal sensitivityScenarios=27
benchmark=PASS runs=6 null=no_void_density_contrast
PASS
GIZA // ECHO validation
components=12 pressurePoints=385
burialFundamental=12.123 Hz lower=16.426 Hz
clusters=7 independentNullMean=3.825 constrainedNullMean=4.850
benchmark=PASS designClaim=NOT_ESTABLISHED
PASS
STRATA stress648=16.522 MPa water648=6.355 MPa points=106
PASS
OBSERVATORY observations=129 publications=25 media=16 cross_domain=16 acquisition=24
PASS
REGISTER mechanicalSamples=5 physicalSamples=3 discrepancies=3 claims=2 plans=6 media=16
PASS
ATLAS media=16 collections=9 photoObs=13 uiPhotos=13
PASS
{
  "benchmark_id": "benchmark.registration.planar_homography.0.9.8",
  "kind": "SYNTHETIC_ANALYTIC_CONTROL",
  "correspondence_count": 6,
  "reprojection_rmse_px": 4.3453624276198343e-13,
  "plane_rmse_m": 1.3259401376254866e-15,
  "pass": true,
  "created_at": "2026-09-18T17:40:02.020Z"
}
REGISTRATION LAB priors=14 controls=33 jobs=10 pairClusters=3 surveySources=6 benchmark=PASS
PASS
{
  "pass": true,
  "tests": [
    {
      "id": "exact_fit_rmse",
      "value": 1.1632471704138598e-12,
      "tolerance_px": 1e-7,
      "pass": true
    },
    {
      "id": "exact_holdout_rmse",
      "value": 8.41205780201832e-13,
      "tolerance_px": 0.000001,
      "pass": true
    },
    {
      "id": "noise_0.25px_fit_rmse",
      "value": 0.07256135398647164,
      "tolerance_px": 0.5,
      "pass": true
    },
    {
      "id": "noise_0.25px_holdout_rmse",
      "value": 0.28418043071699745,
      "tolerance_px": 1.5,
      "pass": true
    }
  ]
}
CONTROL NET frames=4 constraints=7 points=6 real_jobs=10 yaw=-4.45 arcmin DLT=PASS
PASS
ARCHIVE HARVEST knowledge=42 timeline=17 monuments=9 claims=8 receipts=14 openMedia=7
PASS
SOURCE PARSER validation PASS records=26 raw_byte_verified=0 locators=BOUND
ACTION GRAPH validation PASS nodes=14 edges=14 geometry_write=NONE ritual_script=NOT_CLAIMED
PRIMARY PLAN PARSER validation PASS sources=13 extractions=34 raw_bytes=0 conflicts=3
ROOM GRAPH validation PASS spaces=24 thresholds=21 geometry_write=NONE
PLAN CONCORDANCE validation PASS facts=14 geometry_write=NONE
VISIBILITY LAB validation PASS spaces=24 transitions=22 metric_rays=0 geometry_write=NONE
SOURCE-BYTE REGISTRATION PASS candidates=4 receipts=4 attempts=4 raw_byte_verified=0
METRIC VIEW LAB PASS readiness=4 registered_plans=0 metric_rays=0 plate_local_gate=READY
PLATE REGISTRATION PASS threshold_profiles=2 synthetic=PASS raw=0 controls=0 holdouts=0 canonical_registered=0 metric_rays=0
RESIDUAL FIELD PASS archaeological=BLOCKED_PENDING_FIT authority=NONE
INTENT RECONSTRUCTION hypotheses=8 links=25 tests=5
PASS
GIZA v0.10.7 map validation maps=11 room_spaces=24 visibility_spaces=24 metric_targets=4 survey_points=6 manifest=7714939bae37
registered_plans=0 metric_visibility_rays=0 geometry_write=NONE shell=LOCKED scroll_atlas=READY
PASS
PRIMARY SOURCE VAULT assets=14 snapshots=5 locks=2 localRaw=0
cache=EMPTY_OR_PRIVATE_ONLY
PASS
findings=36 pattern_watch=5 research_priority=17
PASS
CONTINUITY PASS version=0.12.0; evidence artifact versions preserved; workbench present.
PASS src/App.tsx
PASS src/components/GizaScene.tsx
PASS src/epigraphy/ArtifactOverview.tsx
PASS src/epigraphy/InscriptionLab.tsx
PASS src/epigraphy/InscriptionLauncher.tsx
PASS src/epigraphy/ReadingBoard.tsx
PASS src/epigraphy/RestorationStudio.tsx
PASS src/epigraphy/SourceViewer.tsx
PASS src/epigraphy/StoryPanel.tsx
PASS src/epigraphy/catalog.ts
PASS src/epigraphy/model.ts
PASS src/epigraphy/navigation.ts
PASS src/epigraphy/signs.ts
PASS src/epigraphy/storage.ts
PASS src/epigraphy/story.ts
PASS src/evidence/AssemblyEntry.tsx
PASS src/evidence/AssemblyScene.tsx
PASS src/evidence/AssemblyWorkbench.tsx
PASS src/evidence/ComparisonPanel.tsx
PASS src/evidence/ExplanationPanel.tsx
PASS src/evidence/FeaturePanel.tsx
PASS src/evidence/InvestigationPanel.tsx
PASS src/evidence/LiveEvidencePanel.tsx
PASS src/evidence/SavedInvestigations.tsx
PASS src/evidence/SpatialTools.tsx
PASS src/evidence/UncertaintyReadout.tsx
PASS src/evidence/assembly.ts
PASS src/evidence/authority.ts
PASS src/evidence/dependencies.ts
PASS src/evidence/explanation.ts
PASS src/evidence/export.ts
PASS src/evidence/graph.ts
PASS src/evidence/impact.ts
PASS src/evidence/intelligence.ts
PASS src/evidence/investigations.ts
PASS src/evidence/liveEvidence.ts
PASS src/evidence/membership.ts
PASS src/evidence/observationContract.ts
PASS src/evidence/presentation.ts
PASS src/evidence/receipts.ts
PASS src/evidence/registration.ts
PASS src/evidence/spatial.ts
PASS src/evidence/types.ts
PASS src/evidence/viewGeometry.ts
PASS src/lib/componentDetails.ts
PASS src/lib/evidence.ts
PASS src/lib/field.ts
PASS src/lib/interiorInspection.ts
PASS src/lib/mediaIdentity.ts
PASS src/lib/model.ts
PASS src/lib/runtimeData.ts
PASS src/lib/runtimeWebGL.ts
PASS src/lib/search.ts
PASS src/lib/solver.ts
PASS src/lib/workspace.ts
PASS src/main.tsx
PASS src/maps/AtlasNavigator.tsx
PASS src/maps/MapAtlasPanel.tsx
PASS src/maps/MapVisuals.tsx
PASS src/maps/ReadableMap.tsx
PASS src/maps/types.ts
PASS src/scene/CameraRig.tsx
PASS src/scene/ComponentScene.tsx
PASS src/scene/DetailGeometry.tsx
PASS src/scene/DetailMaterial.tsx
PASS src/scene/FieldLayer.tsx
PASS src/scene/MasonryLayer.tsx
PASS src/scene/MonumentLayer.tsx
PASS src/scene/SimulationLayer.tsx
PASS src/scene/geometry.ts
PASS src/scene/overviewCamera.ts
PASS src/scene/sphericalExpansion.ts
PASS src/scene/types.ts
PASS src/simlab/types.ts
PASS src/sphinx/SpecificationsPanel.tsx
PASS src/sphinx/SphinxEntry.tsx
PASS src/sphinx/SphinxMaterial.tsx
PASS src/sphinx/SphinxReferences.tsx
PASS src/sphinx/SphinxScene.tsx
PASS src/sphinx/SphinxWorkbench.tsx
PASS src/sphinx/catalog.ts
PASS src/sphinx/geometry.ts
PASS src/sphinx/references.ts
PASS src/sphinx/specifications.ts
PASS src/tutorial/Tutorial.tsx
PASS src/tutorial/curriculum.ts
PASS src/version.ts
PASS src/workstation/ComponentWorkbench.tsx
PASS src/workstation/DimensionReadout.tsx
PASS src/workstation/LeftRail.tsx
PASS src/workstation/ObjectInspectorPanel.tsx
PASS src/workstation/OptionalWorkspaces.tsx
PASS src/workstation/RealityControls.tsx
PASS src/workstation/RecoveryBoundary.tsx
PASS src/workstation/ReferenceGallery.tsx
PASS src/workstation/SpatialViewport.tsx
PASS src/workstation/ViewportDrawer.tsx
PASS src/workstation/WorkspaceBoundary.tsx
PASS src/workstation/WorkstationFooter.tsx
PASS src/workstation/WorkstationHeader.tsx
PASS src/workstation/navigationGuard.ts
PASS src/workstation/quickViewDefinitions.ts
PASS src/workstation/types.ts
syntax files=103

> giza-nexus-registration-workbench@0.12.0 test:repairs
> node --test tests/registration-repairs.test.mjs

✔ valid freeze + fit preserves all holdouts and never promotes geometry (224.2658ms)
✔ AUDIT: modern profile rejects four controls even with a perfect fit (123.1683ms)
✔ profile-specific holdout minimum enforced (82.8715ms)
✔ modern six-control/three-holdout profile can pass (247.8753ms)
✔ AUDIT: a doubled scale fails even with perfect positional residuals (591.168ms)
✔ missing independent scale is not silently skipped (79.3849ms)
✔ AUDIT: changed render bytes reject before fit (443.6429ms)
✔ changed source bytes reject before freeze (69.0812ms)
✔ AUDIT: missing target provenance cannot use a fallback string (510.169ms)
✔ unknown target source rejected (163.1622ms)
✔ target locator and independence assertion required (195.1088ms)
✔ AUDIT: refreeze after result cannot overwrite original coordinates (410.4433ms)
✔ refreeze before result is also blocked (186.5648ms)
✔ fit cannot overwrite prior result (356.3066ms)
✔ post-freeze coordinate edits are detected by content seal (389.2211ms)
✔ post-freeze threshold edits cannot loosen acceptance (222.4441ms)
✔ a missing immutable seal blocks fit (285.2081ms)
✔ duplicate landmark IDs cannot straddle control and holdout (208.2708ms)
✔ duplicate pixel locations cannot be counted twice (134.3038ms)
✔ nonfinite coordinates rejected (125.6115ms)
✔ pixels outside the checksum-bound render rejected (173.644ms)
✔ collinear controls cannot qualify as a two-dimensional plate sample (250.7255ms)
✔ a failed holdout remains in an immutable failed result (253.5234ms)
✔ source/render linkage is checked, not only their individual hashes (57.5182ms)
✔ AUDIT: unrelated cached bytes do not relabel copied observations as raw extraction (552.767ms)
ℹ tests 25
ℹ suites 0
ℹ pass 25
ℹ fail 0
ℹ cancelled 0
ℹ skipped 0
ℹ todo 0
ℹ duration_ms 6526.1532

> giza-nexus-registration-workbench@0.12.0 test:components
> node --test tests/component-details.test.mjs

✔ coffer body and lid distinguish object measurements from assembly context (1.7782ms)
✔ lower doorway closes the reported east wall without inventing a height (0.3078ms)
✔ transcript pin markers stay within the west rim and have no inferred depth (1.0663ms)
✔ photo deduplication preserves records and canonical source order (1.3743ms)
✔ supplement observations resolve sources, SI conversions and part bindings (0.3099ms)
✔ coffer body and hollow cavity use Petrie inch dimensions in metres (0.193ms)
✔ north-south coffer fits the room with source-reported west/north clearances (0.1704ms)
✔ missing and nonfinite survey values fail closed (0.7965ms)
✔ object isolation never includes the full pyramid or unrelated parts (0.303ms)
✔ every catalog part can be opened and retains its evidence distinction (4.8066ms)
✔ new reference records have valid bindings, licenses, and no metric authority (0.2983ms)
ℹ tests 11
ℹ suites 0
ℹ pass 11
ℹ fail 0
ℹ cancelled 0
ℹ skipped 0
ℹ todo 0
ℹ duration_ms 740.391

> giza-nexus-registration-workbench@0.12.0 test:usability
> node --test tests/usability.test.mjs tests/spatial-presentation.test.mjs

✔ spherical presentation is deterministic, reversible and does not mutate cell geometry (11.1227ms)
✔ overview camera centers and contains the actual five envelope vertices across aspect ratios (837.9882ms)
✔ media identity suppresses URL aliases but preserves distinct crops and evidence records (43.8794ms)
✔ corrupt workspace inputs fall back safely (1.7026ms)
✔ nonfinite controls and invalid enums cannot crash camera (0.2263ms)
✔ numeric workspace values clamp to control limits (0.1483ms)
✔ workspace sanitizer does not mutate shared defaults (0.1326ms)
✔ search matches all words across names and IDs (17.5486ms)
✔ search never upgrades hypothesis status (1.5747ms)
✔ selection cannot change monument geometry scale (1.6918ms)
✔ startup discards transient camera and explosion while retaining display preferences (1.6563ms)
ℹ tests 11
ℹ suites 0
ℹ pass 11
ℹ fail 0
ℹ cancelled 0
ℹ skipped 0
ℹ todo 0
ℹ duration_ms 1641.2508

> giza-nexus-registration-workbench@0.12.0 test:sphinx
> node --test tests/sphinx.test.mjs

✔ Sphinx catalog has unique explicit study regions and authoritative source links (1.51ms)
✔ assembled pose is unshifted and explosion clamps nonfinite/out-of-range values (1.13ms)
✔ explosion is deterministic, reversible, and leaves source offsets untouched (0.2054ms)
✔ repair-block field is deterministic, finite, bounded and nonrandom (4.4308ms)
✔ Sphinx surfaces have finite positions, normals and triangle indices (270.1666ms)
✔ every anatomical loft has closed topology and outward winding (873.0074ms)
✔ flattened paws preserve bilateral position and overall eastward envelope (43.9206ms)
✔ offline comparison photographs have credited licenses and matching source-byte hashes (31.0672ms)
✔ heavy viewers load on demand and Escape respects the inscription modal (2.4647ms)
✔ interpreted body and head stay in the documented display envelope (48.0933ms)
✔ new workspace does not write to canonical archaeological data (1.6712ms)
✔ stela mesh obeys its chosen published height while preserving conflicting source summaries (5.0844ms)
ℹ tests 12
ℹ suites 0
ℹ pass 12
ℹ fail 0
ℹ cancelled 0
ℹ skipped 0
ℹ todo 0
ℹ duration_ms 2569.933

> giza-nexus-registration-workbench@0.12.0 test:epigraphy
> node --test tests/epigraphy.test.mjs tests/epigraphy-storage.test.mjs tests/epigraphy-navigation.test.mjs

✔ selected-zone fit centers the normalized target with display-only padding (5.6933ms)
✔ small zones respect the 400 percent zoom ceiling (0.2996ms)
✔ full-image framing never zooms below 100 percent (0.9431ms)
✔ portrait and landscape sources fit without invalid letterbox scrolling (0.1772ms)
✔ corner-zone framing clamps to actual image scroll bounds (0.4441ms)
✔ invalid extents and coordinates yield finite bounded display values (0.4083ms)
✔ fitting does not mutate normalized observations or source dimensions (0.1878ms)
✔ a missing notebook loads without writing and saves the existing JSON schema (9.8366ms)
✔ load retains exact original bytes, including whitespace, as its baseline (0.529ms)
✔ malformed and unsupported persisted data stays untouched and cannot be auto-saved over (0.4105ms)
✔ storage access failures and unavailable storage block load and save (0.2133ms)
✔ quota or write failure reports an unsaved draft without changing the old copy (1.0246ms)
✔ two tabs that loaded the same baseline cannot sequentially overwrite each other (0.6681ms)
✔ creation in another tab and deletion in another tab also count as conflicts (22.1469ms)
✔ identical saves avoid unnecessary writes but still reject a stale baseline (0.6107ms)
✔ readback detects an immediately competing write without reporting a successful save (4.4743ms)
✔ oversized UTF-8 notebooks are preserved on load and rejected before any save (112.5236ms)
✔ serialization failures do not write and verification failures do not claim success (8.4638ms)
✔ old v1 notebooks migrate to an empty prediction layer without source changes (4.3579ms)
✔ predicted color round trips with provenance and never becomes observed pigment (5.3103ms)
✔ hypothesis imports reject malformed, injected and unbounded strokes (2.7879ms)
✔ generated prediction is checksum-bound and excluded from the evidence catalog (19.5942ms)
✔ inspection excludes shells, terrain, hidden envelopes and hypotheses (0.4346ms)
✔ subsystem isolation is reversible and does not edit canonical parts (5.353ms)
✔ fit bounds follow normalized explosion vectors and handle empty selection (2.1674ms)
✔ zone coordinates normalize reverse drags and clamp image bounds (0.4729ms)
✔ notebook round trip retains source identity and separate traces (0.3959ms)
✔ malformed imports cannot supply unknown sources, duplicate IDs or invalid geometry (0.6145ms)
✔ AI import cannot promote itself to a human-reviewed translation (0.3025ms)
✔ review needs an operator, citation and reading; edits revoke attestation (0.2152ms)
✔ manual AI packet retains image provenance and never claims connected inference (0.2199ms)
✔ bundled source images have stable bytes and visible rights metadata (131.6753ms)
✔ sign palette contains unique valid Egyptian Unicode characters with code labels (0.7027ms)
✔ bundled hieroglyph font maps every sign, including late base-block additions (50.8866ms)
ℹ tests 34
ℹ suites 0
ℹ pass 34
ℹ fail 0
ℹ cancelled 0
ℹ skipped 0
ℹ todo 0
ℹ duration_ms 5367.7853

> giza-nexus-registration-workbench@0.12.0 test:evidence-assembly
> node --test tests/live-evidence.test.mjs tests/evidence-assembly.test.mjs tests/evidence-intelligence.test.mjs tests/evidence-view.test.mjs tests/evidence-boundaries.test.mjs tests/evidence-workflow.test.mjs tests/evidence-campaign.test.mjs

✔ building assembly preserves exact canonical input and deterministic contract (14.4383ms)
✔ rigid transforms round trip after 10000 iterations without scale/drift (28.5553ms)
✔ metric transforms reject scale, shear, reflection, NaN and non-affine matrices (0.9006ms)
✔ explicit frame hierarchy blocks unresolved monument/world and detached lid (0.8315ms)
✔ frame graph rejects inconsistent alternative transform paths (0.4099ms)
✔ legacy/detail disagreements are quantified without canonical rewrite (0.227ms)
✔ detail agreement is constrained by exact west/north clearance records (0.2016ms)
✔ measurement invariance under selection, isolation, explosion and animation (98.3936ms)
✔ cross-object lid/body measurements are UNKNOWN, local lid dimensions remain measurable (0.429ms)
✔ angles use canonical coordinates and reject coincident or unresolved inputs (0.4641ms)
✔ reality layers isolate actual spatial objects independently (0.313ms)
✔ measured dimension features bind their exact scalar, units, locator and recorded uncertainty (12.1738ms)
✔ every feature resolves observations and every observation resolves source metadata (17.4399ms)
✔ lid fit, physical pose and unmapped pin/groove/recess geometry remain UNKNOWN (0.2317ms)
✔ body solid decomposition preserves hollow cavity without overlap or invented fill (1.937ms)
✔ orthogonal section caps preserve cavity opening and exact model section area (0.9063ms)
✔ oblique sections are ordered coplanar polygons with no invented caps outside volume (11.9413ms)
✔ coordinate export/import round trip preserves units, axes, datums, unknowns and all receipts (81.4504ms)
✔ trust boundary rejects malformed frames, invalid geometry and forged finite certainty (773.7469ms)
✔ malformed points and planes fail closed rather than returning NaN geometry (0.4788ms)
✔ missing optional observations become explicit unknown graph records without crashing core (16.9055ms)
✔ missing/invalid core dimensions never invent a replacement body (45.1085ms)
✔ chamber surfaces are hollow-space boundaries, not solid wall envelopes or invented connected tunnels (0.259ms)
✔ legacy measured-provenance meshes cannot be promoted to observed survey surfaces (1.4223ms)
✔ Sphinx photo-informed meshes and synthetic repairs have independently gated authority (0.244ms)
✔ Sphinx view and GLB exports retain governed object authority and presentation status (3.3778ms)
✔ imported graph rejects authority contradictions, undeclared support and wrong-kind edges (947.7181ms)
✔ unit inheritance, overflow and uncertainty dimensions fail at observation boundary (1.0497ms)
✔ compatible uncertainty preserves original units and interpretation without inventing confidence (0.2265ms)
✔ experiment explanation and linked rerun keep old inputs immutable (3481.2065ms)
✔ recognized lower-authority observations cannot generate observed or reconstructed physical solids (117.8821ms)
✔ hypothetical placement descriptions do not resolve a physical chamber relationship (187.6717ms)
✔ unsupported source statuses reject rather than default to observation (9.8784ms)
✔ valid hypothesis records cannot be laundered through imported observed features (154.6528ms)
✔ observation value union is identical in direct, assembly, graph and checksum-valid receipt boundaries (1484.0061ms)
✔ zero and null stay distinct; source, units, duplicate IDs and dangerous keys fail closed (9.7997ms)
✔ metre centimetre and inch source inputs produce equivalent geometry; angles do not (36.5314ms)
✔ observed scalar endpoints retain reconstructed geometry authority (0.3635ms)
✔ adding unrelated constraint context cannot expand direct supporting evidence (10.9425ms)
✔ dependency fingerprint ignores unrelated context but changes with relevant inputs (1032.9453ms)
✔ actual archived v1 computations remain replayable without inventing new identity metadata (234.0195ms)
✔ positive source bytes → freeze → shared fit → replay → reviewed 2D revision → rollback (16208.3533ms)
✔ failed holdout is retained and cannot become an accepted revision (3945.2907ms)
✔ independent classification rejects same-underlying-source control even if fit is numerically perfect (1442.2846ms)
✔ missing scale, missing source permission and wrong units reject before result (3248.2884ms)
✔ byte changes, input changes and fabricated replay results fail closed (3857.8381ms)
✔ packet replay rehashes independent control assets, not just the image (2117.8164ms)
✔ feature evidence graph reaches exact observation, locator, source and explicit unknown custody (52.9093ms)
✔ graph trust boundary rejects dangling relations, duplicates, nonfinite data and prototype keys (188.9804ms)
✔ candidates are deterministic and carry evidence, computation, alternatives, falsifiers and authority (36.9498ms)
✔ lid fit is a scalar compatibility candidate, not observed clearance or statistical discovery (155.5509ms)
✔ missing optional observations remain UNKNOWN and graph/candidates still load (405.5497ms)
✔ every candidate computation reproduces into an immutable versioned content-hashed receipt (7977.4956ms)
✔ tampered candidate, receipt, input graph and wrong declared frame fail closed (515.8605ms)
✔ review produces an append-only nonauthoritative finding and traversable graph records (435.0175ms)
✔ realistic reconstruction cannot become OBSERVED through review or imported pass flags (23.3177ms)
✔ checksum-valid finding forgeries cannot promote authority or change referenced experiment semantics (193.8255ms)
✔ journal requires an earlier matching experiment and rejects cross-assembly/frame records (384.7198ms)
✔ promotion gates are replayed against the sealed graph, not trusted from hash-valid flags (684.5901ms)
✔ research graph is compact and full replay snapshots stay exclusively in immutable receipts (3323.0017ms)
✔ canonical graph hash is stable under object key ordering, not coordinate changes (37.8825ms)
✔ append-only persisted journal preserves corrupted data and refuses stale/deleting writes (640.3561ms)
✔ registration comparison preserves control/holdout vectors and has NO imported metric authority (1.9811ms)
✔ malformed residuals and counterfeit fit shapes are isolated, never rendered as evidence (88.0679ms)
✔ physical picks round trip through display poses at every explosion distance (61.1917ms)
✔ lid visual parking never resolves its physical placement or changes local distance (2.0369ms)
✔ section cap excludes the cavity and unknown lid, with no shared-base double count (4.5598ms)
✔ section results agree in object and assembly frames and support non-unit normals (0.9257ms)
✔ bookmark and display input guards reject nonfinite data and cameras at target (22.4763ms)
✔ contextual tool keyboard routing and selections cannot modify physical geometry (3.3761ms)
✔ short landscape keeps a viewport-focused layout and honest candidate uncertainty (0.8498ms)
✔ investigation drafts stay mounted while following evidence or closing a panel (0.4423ms)
✔ residual keyboard focus uses a non-scaling marker, not a metre-sized CSS outline (0.5989ms)
✔ save rejects distant segment, polygon and point membership, not just boxes (255.3522ms)
✔ membership deliberately includes edges, rejects outside/degenerate and handles concave polygons (1.2497ms)
✔ checksum-valid saved imports cannot assign distant points to non-box geometry (1745.3394ms)
✔ older saved dependency rule replays historically without silently upgrading its checksum (449.7133ms)
✔ scaled section planes have identical membership and unknown cuts cannot manufacture surfaces (69.2168ms)
✔ explanations identify exact relevant changes; labels and local-frame parent transforms do not stale new studies (292.9014ms)
✔ visible geometry is exactly isolated and authority filtered; camera bounds share this set (1.6798ms)
✔ computed cap picks preserve canonical position and section provenance under inspection movement (16.0982ms)
✔ saved investigations round trip original geometry, result, points and separate presentation (143.6144ms)
✔ relevant revised geometry makes a saved investigation historical without changing its snapshot (630.0048ms)
✔ checksum-valid false result or off-plane cap cannot pass restore (162.5731ms)
✔ presentation labels and active selection do not invalidate current measurement dependencies (120.567ms)
✔ storage protects duplicates, stale tabs, corrupt bytes and quota failures (1583.0632ms)
✔ hypothetical resolved transform cannot yield authoritative distance (24.4598ms)
✔ graph transform wrapper must preserve and agree with record authority (939.2208ms)
✔ derived traversal follows only feature-owned constraints (185.5914ms)
✔ conditional calculations retain chain, authority, assumptions and unknown uncertainty (169.2409ms)
✔ imported registration pass flags and authority claims cannot become local verification (2542.5345ms)
✔ unrelated constraints and contextual links do not contaminate derived or direct support (223.5993ms)
✔ imported live relation claims cannot mint a session replay capability (322.6446ms)
✔ impact reuses exact saved dependencies and excludes context and labels (4450.2508ms)
ℹ tests 94
ℹ suites 0
ℹ pass 94
ℹ fail 0
ℹ cancelled 0
ℹ skipped 0
ℹ todo 0
ℹ duration_ms 33808.4001

> giza-nexus-registration-workbench@0.12.0 test:runtime
> node --test tests/runtime-resilience.test.mjs

✔ every shipped startup dataset satisfies its runtime contract without rewriting records (490.9353ms)
✔ shape validation rejects wrong containers, row types, and nested numeric corruption (10.7506ms)
✔ required canonical geometry fails closed on malformed vectors and primitive sizes (2.6931ms)
✔ duplicate IDs, unknown provenance and invalid masonry cannot enter canonical rendering (7.8454ms)
✔ missing optional bytes yield explicit unavailable diagnostics, never a passing benchmark or zero result (2.364ms)
✔ invalid JSON, rejected fetches, and malformed optional schemas are quarantined (4.2716ms)
✔ missing mandatory data is actionable and cannot be replaced with fabricated defaults (15.3903ms)
✔ malformed observations and orphan source bindings are quarantined without authority fallback (32.5181ms)
✔ healthy loader preserves source objects and unrecognized extension fields byte-equivalently (5.3191ms)
✔ complete workstation loads when all optional research datasets are unavailable (34.4211ms)
✔ diagnostics do not leak between retries and healthy load retains the full research corpus (96.7029ms)
✔ core model resolves before hanging optional data and aborted subscriptions cannot replace newer state (162.0591ms)
✔ WebGL loss is cancelable, restoration clears status, and unmount removes listeners (0.5693ms)
✔ heavy optional workspaces have lazy entries, recoverable boundaries and data guards (7.7349ms)
ℹ tests 14
ℹ suites 0
ℹ pass 14
ℹ fail 0
ℹ cancelled 0
ℹ skipped 0
ℹ todo 0
ℹ duration_ms 2795.7673

> giza-nexus-registration-workbench@0.12.0 validate:evidence-assembly
> node scripts/evidence/validate.mjs

{
  "passed": true,
  "features": 50,
  "observations": 39,
  "graph_nodes": 260,
  "graph_edges": 520,
  "investigation_candidates": 13,
  "experiments": 13,
  "sha256": "d0c91bec99e565a2ab27de9dc65b9cb81a1a2f09400e56cae877f78b41d792ea",
  "output": null,
  "archaeological_registration": "NOT_PRODUCED",
  "note": "This targeted contract validator does not replace npm run check, browser tests or production build."
}

> giza-nexus-registration-workbench@0.12.0 build:workbench
> node scripts/workbench/build.mjs

WORKBENCH BUILD PASS — native browser modules ready; optional scoped campaigns reuse shared TypeScript contracts and registration engine.

