
> giza-nexus-registration-workbench@0.11.1 test:browser
> playwright test


Running 11 tests using 1 worker

  ok  1 tests\browser\evidence-workflow.spec.ts:6:1 › actual model entry, isolation fit, invariant measurement, computation, draft detour, export and restore (17.1s)
  ok  2 tests\browser\evidence-workflow.spec.ts:28:1 › actual pointer cut picking saves computed surfaces in canonical coordinates (9.7s)
  ok  3 tests\browser\evidence-workflow.spec.ts:40:1 › authority-hidden geometry is absent from actual Fit-visible camera bounds (6.2s)
  ok  4 tests\browser\evidence-workflow.spec.ts:46:91 › model-first layout and keyboard 1280x800 (3.9s)
  ok  5 tests\browser\evidence-workflow.spec.ts:46:91 › model-first layout and keyboard 390x844 (2.8s)
  ok  6 tests\browser\evidence-workflow.spec.ts:46:91 › model-first layout and keyboard 844x390 (2.4s)
  ok  7 tests\browser\evidence-workflow.spec.ts:50:53 › optional atlas slow does not block core or force workspace navigation (2.8s)
  ok  8 tests\browser\evidence-workflow.spec.ts:50:53 › optional atlas missing does not block core or force workspace navigation (2.6s)
  ok  9 tests\browser\evidence-workflow.spec.ts:50:53 › optional atlas malformed does not block core or force workspace navigation (3.7s)
  x  10 tests\browser\layers.spec.ts:2:1 › overview layer requests render underground, respect authority and filter inspection (1.1m)
  ok 11 tests\browser\source-campaign.spec.ts:3:1 › actual local workbench: synthetic acquisition → freeze → shared fit → reviewed revision → export → rollback (2.5s)


  1) tests\browser\layers.spec.ts:2:1 › overview layer requests render underground, respect authority and filter inspection 

    Test timeout of 60000ms exceeded.

    Error: locator.click: Test timeout of 60000ms exceeded.
    Call log:
      - waiting for getByRole('button', { name: 'Underground', exact: true })


       8 |   await page.getByRole('checkbox',{name:'Subterranean (Unverified)',exact:true}).check();await expect.poll(underground).toBe(8);
       9 |   await page.getByRole('checkbox',{name:'Subterranean (Unverified)',exact:true}).uncheck();await expect.poll(underground).toBe(0);
    > 10 |   await page.getByRole('button',{name:'Underground',exact:true}).click();await expect.poll(underground).toBe(8);
         |                                                                  ^
      11 |   await page.getByText('Reality layers',{exact:true}).click();await page.getByRole('checkbox',{name:'HYPOTHESIS',exact:true}).uncheck();await expect.poll(underground).toBe(0);
      12 |   await expect(page.getByText(/Subterranean layer is enabled but hidden/)).toBeVisible();await page.getByRole('button',{name:'Show hypothetical underground'}).click();await expect.poll(underground).toBe(8);
      13 |   await page.getByRole('checkbox',{name:'Exterior (Current)',exact:true}).uncheck();await expect.poll(async()=>(await ids()).includes('part.pyramid.khafre')).toBe(false);await expect.poll(async()=>JSON.parse((await canvas.getAttribute('data-layer-diagnostics'))!).instanced).toBe(0);
        at C:\Users\jacks\OneDrive\Desktop\GIZA-v0.10.12\tests\browser\layers.spec.ts:10:66

    attachment #1: screenshot (image/png) ──────────────────────────────────────────────────────────
    test-results\layers-overview-layer-requ-ffc79-ority-and-filter-inspection\test-failed-1.png
    ────────────────────────────────────────────────────────────────────────────────────────────────

    Error Context: test-results\layers-overview-layer-requ-ffc79-ority-and-filter-inspection\error-context.md

    attachment #3: trace (application/zip) ─────────────────────────────────────────────────────────
    test-results\layers-overview-layer-requ-ffc79-ority-and-filter-inspection\trace.zip
    Usage:

        npx playwright show-trace test-results\layers-overview-layer-requ-ffc79-ority-and-filter-inspection\trace.zip

    ────────────────────────────────────────────────────────────────────────────────────────────────

  1 failed
    tests\browser\layers.spec.ts:2:1 › overview layer requests render underground, respect authority and filter inspection 
  10 passed (2.4m)

[WebServer] (node:22984) Warning: The 'NO_COLOR' env is ignored due to the 'FORCE_COLOR' env being set.
[WebServer] (Use `node --trace-warnings ...` to show where the warning was created)
[WebServer] 
[WebServer] (!) Some chunks are larger than 500 kB after minification. Consider:
[WebServer] - Using dynamic import() to code-split the application
[WebServer] - Use build.rollupOptions.output.manualChunks to improve chunking: https://rollupjs.org/configuration-options/#output-manualchunks
[WebServer] - Adjust chunk size limit for this warning via build.chunkSizeWarningLimit.
[WebServer] (node:22488) Warning: The 'NO_COLOR' env is ignored due to the 'FORCE_COLOR' env being set.
[WebServer] (Use `node --trace-warnings ...` to show where the warning was created)
[WebServer] (node:16260) Warning: The 'NO_COLOR' env is ignored due to the 'FORCE_COLOR' env being set.
[WebServer] (Use `node --trace-warnings ...` to show where the warning was created)
(node:8436) Warning: The 'NO_COLOR' env is ignored due to the 'FORCE_COLOR' env being set.
(Use `node --trace-warnings ...` to show where the warning was created)
(node:22420) Warning: The 'NO_COLOR' env is ignored due to the 'FORCE_COLOR' env being set.
(Use `node --trace-warnings ...` to show where the warning was created)
